[keyquest.framer.website/index.html]
[backblue.gif]
[fade.gif]
[index.html]
[framerusercontent.com/images/qUmNSUEwowxtVxSjfj0DimYoDQI.png]
[framerusercontent.com/images/JU4ZMUmDnssHkHLTf52KqSCBhg.png]
[framerusercontent.com/images/zSufkm9jSZPLQBHkC1OXvciUh2A.png]
[framerusercontent.com/images/iZizFJCoHSvGRW3Z7RxzWxHQJDg.png]
[framerusercontent.com/images/Fp46nb3MuYLCtzfqGUU5HF6VaQ.png]
[framerusercontent.com/images/WvYT1SIXywE2VJDWhU6W0BdhjfU.png]
[keyquest.framer.website/index.html]
[keyquest.framer.website/&apos;data_image/svg+xml;utf8,_svg xmlns=_http_/www.w3.org/2000/svg_ xmlns_xlink=_http_/www.w3.org/1999/xlink_ viewBox=_0 0 24 24___path d=_M 16.641 5 L 19.095 5 L 13.735 10.93 L 20.041 1]
[keyquest.framer.website/&apos;data_image/svg+xml;utf8,_svg xmlns=_http_/www.w3.org/2000/svg_ xmlns_xlink=_http_/www.w3.org/1999/xlink_ viewBox=_0 0 24 24___path d=_M 4 8.667 C 4 6.089 6.089 4 8.667 4 L 15.333 4]
[keyquest.framer.website/&apos;data_image/svg+xml;utf8,_svg xmlns=_http_/www.w3.org/2000/svg_ xmlns_xlink=_http_/www.w3.org/1999/xlink_ viewBox=_0 0 24 24___path d=_M 16.641 5 L 19.095 5 L 13.735 10.93 L 20.041 1]
[keyquest.framer.website/&apos;data_image/svg+xml;utf8,_svg xmlns=_http_/www.w3.org/2000/svg_ xmlns_xlink=_http_/www.w3.org/1999/xlink_ viewBox=_0 0 24 24___path d=_M 4 8.667 C 4 6.089 6.089 4 8.667 4 L 15.333 4]
